// Vitest Snapshot v1, https://vitest.dev/guide/snapshot.html

exports[`:global > class selectors > should scope for class selectors 1`] = `
"import { useSolidStyled as _useSolidStyled } from \\"solid-styled\\";
import { createCSSVars as _createCSSVars } from \\"solid-styled\\";
import { css } from 'solid-styled';
const _sheet = \\"c-f0b3b6fa-0\\";
const _css = \\".example{color:red}\\";
export default function Example() {
  const _vars = _createCSSVars();
  _useSolidStyled(_sheet, 1, _css);
  return <h1 class=\\"example\\" s:c-f0b3b6fa-0 style={_vars()}>Hello World</h1>;
}"
`;
