// Vitest Snapshot v1, https://vitest.dev/guide/snapshot.html

exports[`:global > should scope for nested selectors 1`] = `
"import { useSolidStyled as _useSolidStyled } from \\"solid-styled\\";
import { createCSSVars as _createCSSVars } from \\"solid-styled\\";
import { css } from 'solid-styled';
const _sheet = \\"c-f0b3b6fa-0\\";
const _css = \\"div[s\\\\\\\\:c-f0b3b6fa-0]{flex-direction:column;display:flex}div[s\\\\\\\\:c-f0b3b6fa-0]>*+*{margin-top:.5rem}\\";
export default function Example() {
  const _vars = _createCSSVars();
  _useSolidStyled(_sheet, 1, _css);
  return <h1 s:c-f0b3b6fa-0 style={_vars()}>Hello World</h1>;
}"
`;
