// Vitest Snapshot v1, https://vitest.dev/guide/snapshot.html

exports[`:global > type selectors > should scope for type selectors 1`] = `
"import { useSolidStyled as _useSolidStyled } from \\"solid-styled\\";
import { css } from 'solid-styled';
const _sheet = \\"c-f0b3b6fa-0\\";
const _css = \\"h1{color:red}\\";
export default function Example() {
  _useSolidStyled(_sheet, 1, _css);
  return <h1 s:c-f0b3b6fa-0>Hello World</h1>;
}"
`;
